<?xml version="1.0" encoding="UTF-8"?>
<testsuites name="jest tests" tests="5" failures="0" errors="0" time="13.694">
  <testsuite name="undefined" errors="0" failures="0" skipped="0" timestamp="2024-10-05T11:28:59" time="10.434" tests="4">
    <testcase classname=" renders loading state" name=" renders loading state" time="0.071">
    </testcase>
    <testcase classname=" renders login prompt if user is not logged in" name=" renders login prompt if user is not logged in" time="0.401">
    </testcase>
    <testcase classname=" renders task list when tasks are fetched" name=" renders task list when tasks are fetched" time="0.424">
    </testcase>
    <testcase classname=" allows user to access the edit task form" name=" allows user to access the edit task form" time="0.278">
    </testcase>
  </testsuite>
  <testsuite name="undefined" errors="0" failures="0" skipped="0" timestamp="2024-10-05T11:28:59" time="10.575" tests="1">
    <testcase classname=" renders the login page header" name=" renders the login page header" time="0.562">
    </testcase>
  </testsuite>
</testsuites>